
> vite_react_shadcn_ts@0.0.0 build
> vite build

[36mvite v5.4.10 [32mbuilding for production...[36m[39m
transforming...
node.exe : Browserslist: browsers data 
(caniuse-lite) is 18 months old. Please run:
At C:\Program Files\nodejs\npm.ps1:29 char:3
+   & $NODE_EXE $NPM_CLI_JS $args
+   ~~~~~~~~~~~~~~~~~~~~~~~~~~~~~
    + CategoryInfo          : NotSpecified: 
    (Browserslist: b...ld. Please run::Str  
  ing) [], RemoteException
    + FullyQualifiedErrorId : NativeCommand 
   Error
 
  npx update-browserslist-db@latest
  Why you should do it regularly: https://gi
thub.com/browserslist/update-db#readme
[32mΓ£ô[39m 2882 modules transformed.
rendering chunks...
computing gzip size...
[2mdist/[22m[32mindex.html                 [39m[1m[2m    4.82 kB[22m[1m[22m[2m Γöé gzip:   1.59 kB[22m
[2mdist/[22m[35massets/index-jXJ-oB-r.css  [39m[1m[2m   91.07 kB[22m[1m[22m[2m Γöé gzip:  15.22 kB[22m
[2mdist/[22m[36massets/index-CXLMFZyE.js   [39m[1m[33m1,065.92 kB[39m[22m[2m Γöé gzip: 308.17 kB[22m
[33m
(!) Some chunks are larger than 500 kB 
after minification. Consider:
- Using dynamic import() to code-split the 
application
- Use 
build.rollupOptions.output.manualChunks to 
improve chunking: https://rollupjs.org/confi
guration-options/#output-manualchunks
- Adjust chunk size limit for this warning 
via build.chunkSizeWarningLimit.[39m
[32mΓ£ô built in 16.17s[39m
